// Jest Snapshot v1, https://goo.gl/fbAQLP

exports[`Card should match snapshot card 1`] = `
<div
  className="card"
>
  <div
    className="panel panel--align--space-between"
    data-test=""
    onClick={[Function]}
  >
    <span
      className="card__methods-type"
      data-modifiers=""
      data-test="card:methods-type:ALL METHODS"
    >
      ALL METHODS
    </span>
  </div>
  <div>
    <div
      className="panel panel--align--space-between"
      data-test=""
      onClick={[Function]}
    >
      <span
        className="card__covered-count"
        data-modifiers=""
        data-test="card:covered-count:ALL METHODS"
      >
        740
      </span>
      <span
        className="card__total-methods"
        data-modifiers=""
        data-test="card:total-methods:ALL METHODS"
      >
        2000
      </span>
    </div>
    <div
      className="card__coverage-bar"
      data-modifiers=""
    >
      <div
        className="card__progress"
        data-modifiers=""
        style={
          Object {
            "width": "37%",
          }
        }
      />
    </div>
  </div>
</div>
`;
